<html>
<body>
<pre>
<h1>µVision Build Log</h1>
<h2>Tool Versions:</h2>
IDE-Version: µVision V5.25.2.0
Copyright (C) 2018 ARM Ltd and ARM Germany GmbH. All rights reserved.
License Information: Arseniy Buchnev, MIPT, LIC=----
 
Tool Versions:
Toolchain:       MDK-Lite  Version: 5.25.2.0
Toolchain Path:  C:\Keil_v5\ARM\ARMCLANG\Bin
C Compiler:      ArmClang.exe V6.9
Assembler:       Armasm.exe V6.9
Linker/Locator:  ArmLink.exe V6.9
Library Manager: ArmAr.exe V6.9
Hex Converter:   FromElf.exe V6.9
CPU DLL:         SARMCM3.DLL V5.25.2.0
Dialog DLL:      DARMCM1.DLL V1.19.1.0
Target DLL:      STLink\ST-LINKIII-KEIL_SWO.dll V3.0.1.0
Dialog DLL:      TARMCM1.DLL V1.14.0.0
 
<h2>Project:</h2>
C:\Users\krepak\sources\Thegreenlight\Production\plc_module_xs\test\MDK-ARM\test_plc_module_xs.uvprojx
Project File Date:  11/26/2019

<h2>Output:</h2>
*** Using Compiler 'V6.9', folder: 'C:\Keil_v5\ARM\ARMCLANG\Bin'
Rebuild target 'test_plc_module_xs'
assembling startup_stm32f031x6.s...
compiling main.c...
compiling gpio.c...
compiling stm32f0xx_ll_gpio.c...
compiling stm32f0xx_hal_tim.c...
compiling stm32f0xx_hal_tim_ex.c...
compiling stm32f0xx_hal_msp.c...
compiling stm32f0xx_it.c...
compiling stm32f0xx_ll_rcc.c...
compiling stm32f0xx_ll_exti.c...
compiling stm32f0xx_ll_utils.c...
compiling stm32f0xx_hal_rcc_ex.c...
compiling stm32f0xx_hal_rcc.c...
compiling stm32f0xx_hal_i2c_ex.c...
compiling stm32f0xx_hal.c...
compiling stm32f0xx_hal_gpio.c...
compiling stm32f0xx_hal_cortex.c...
compiling stm32f0xx_hal_dma.c...
compiling stm32f0xx_hal_pwr.c...
compiling stm32f0xx_hal_i2c.c...
compiling stm32f0xx_hal_pwr_ex.c...
compiling stm32f0xx_hal_flash.c...
compiling stm32f0xx_hal_flash_ex.c...
compiling system_stm32f0xx.c...
linking...
Program Size: Code=1484 RO-data=208 RW-data=196 ZI-data=1580  
FromELF: creating hex file...
"test_plc_module_xs\test_plc_module_xs.axf" - 0 Error(s), 0 Warning(s).

<h2>Software Packages used:</h2>

Package Vendor: ARM
                http://www.keil.com/pack/ARM.CMSIS.5.3.0.pack
                ARM.CMSIS.5.3.0
                CMSIS (Cortex Microcontroller Software Interface Standard)
   * Component: CORE Version: 5.1.1

Package Vendor: Keil
                http://www.keil.com/pack/Keil.STM32F0xx_DFP.2.0.0.pack
                Keil.STM32F0xx_DFP.2.0.0
                STMicroelectronics STM32F0 Series Device Support, Drivers and Examples

<h2>Collection of Component include folders:</h2>
  .\RTE\_test_plc_module_xs
  C:\Keil_v5\ARM\PACK\ARM\CMSIS\5.3.0\CMSIS\Include
  C:\Keil_v5\ARM\PACK\Keil\STM32F0xx_DFP\2.0.0\Drivers\CMSIS\Device\ST\STM32F0xx\Include

<h2>Collection of Component Files used:</h2>

   * Component: ARM::CMSIS:CORE:5.1.1
Build Time Elapsed:  00:00:05
</pre>
</body>
</html>
